[     255ms] [INFO] Banner not shown: beforeinstallpromptevent.preventDefault() called. The page must call beforeinstallpromptevent.prompt() to show the banner. @ http://localhost:4173/:0
[     516ms] [ERROR] Access to fetch at 'http://localhost:8000/api/state' from origin 'http://localhost:4173' has been blocked by CORS policy: Response to preflight request doesn't pass access control check: No 'Access-Control-Allow-Origin' header is present on the requested resource. @ http://localhost:4173/:0
[     516ms] [ERROR] Failed to load resource: net::ERR_FAILED @ http://localhost:8000/api/state:0
[     518ms] [ERROR] Access to fetch at 'http://localhost:8000/api/aoi/aizawl' from origin 'http://localhost:4173' has been blocked by CORS policy: Response to preflight request doesn't pass access control check: No 'Access-Control-Allow-Origin' header is present on the requested resource. @ http://localhost:4173/:0
[     518ms] [ERROR] Failed to load resource: net::ERR_FAILED @ http://localhost:8000/api/aoi/aizawl:0
[     519ms] [ERROR] Access to fetch at 'http://localhost:8000/api/scenarios' from origin 'http://localhost:4173' has been blocked by CORS policy: Response to preflight request doesn't pass access control check: No 'Access-Control-Allow-Origin' header is present on the requested resource. @ http://localhost:4173/:0
[     519ms] [ERROR] Failed to load resource: net::ERR_FAILED @ http://localhost:8000/api/scenarios:0
[  250839ms] [INFO] Banner not shown: beforeinstallpromptevent.preventDefault() called. The page must call beforeinstallpromptevent.prompt() to show the banner. @ http://localhost:4173/:0
[  251654ms] [ERROR] Access to fetch at 'http://localhost:8000/api/aoi/aizawl' from origin 'http://localhost:4173' has been blocked by CORS policy: Response to preflight request doesn't pass access control check: No 'Access-Control-Allow-Origin' header is present on the requested resource. @ http://localhost:4173/:0
[  251654ms] [ERROR] Failed to load resource: net::ERR_FAILED @ http://localhost:8000/api/aoi/aizawl:0
[  251657ms] [ERROR] Access to fetch at 'http://localhost:8000/api/scenarios' from origin 'http://localhost:4173' has been blocked by CORS policy: Response to preflight request doesn't pass access control check: No 'Access-Control-Allow-Origin' header is present on the requested resource. @ http://localhost:4173/:0
[  251657ms] [ERROR] Failed to load resource: net::ERR_FAILED @ http://localhost:8000/api/scenarios:0
[  251657ms] [ERROR] Access to fetch at 'http://localhost:8000/api/state' from origin 'http://localhost:4173' has been blocked by CORS policy: Response to preflight request doesn't pass access control check: No 'Access-Control-Allow-Origin' header is present on the requested resource. @ http://localhost:4173/:0
[  251657ms] [ERROR] Failed to load resource: net::ERR_FAILED @ http://localhost:8000/api/state:0
[  334607ms] [INFO] Banner not shown: beforeinstallpromptevent.preventDefault() called. The page must call beforeinstallpromptevent.prompt() to show the banner. @ http://localhost:4173/:0
[  334859ms] [ERROR] Access to fetch at 'http://localhost:8000/api/state' from origin 'http://localhost:4173' has been blocked by CORS policy: Response to preflight request doesn't pass access control check: No 'Access-Control-Allow-Origin' header is present on the requested resource. @ http://localhost:4173/:0
[  334859ms] [ERROR] Failed to load resource: net::ERR_FAILED @ http://localhost:8000/api/state:0
[  334861ms] [ERROR] Access to fetch at 'http://localhost:8000/api/scenarios' from origin 'http://localhost:4173' has been blocked by CORS policy: Response to preflight request doesn't pass access control check: No 'Access-Control-Allow-Origin' header is present on the requested resource. @ http://localhost:4173/:0
[  334861ms] [ERROR] Failed to load resource: net::ERR_FAILED @ http://localhost:8000/api/scenarios:0
[  334869ms] [ERROR] Access to fetch at 'http://localhost:8000/api/aoi/aizawl' from origin 'http://localhost:4173' has been blocked by CORS policy: Response to preflight request doesn't pass access control check: No 'Access-Control-Allow-Origin' header is present on the requested resource. @ http://localhost:4173/:0
[  334870ms] [ERROR] Failed to load resource: net::ERR_FAILED @ http://localhost:8000/api/aoi/aizawl:0
[  353045ms] [ERROR] Access to fetch at 'http://localhost:8000/api/state' from origin 'http://localhost:4173' has been blocked by CORS policy: Response to preflight request doesn't pass access control check: No 'Access-Control-Allow-Origin' header is present on the requested resource. @ http://localhost:4173/:0
[  353045ms] [ERROR] Failed to load resource: net::ERR_FAILED @ http://localhost:8000/api/state:0
[  353046ms] [ERROR] Access to fetch at 'http://localhost:8000/api/scenarios' from origin 'http://localhost:4173' has been blocked by CORS policy: Response to preflight request doesn't pass access control check: No 'Access-Control-Allow-Origin' header is present on the requested resource. @ http://localhost:4173/:0
[  353046ms] [ERROR] Failed to load resource: net::ERR_FAILED @ http://localhost:8000/api/scenarios:0
[  353054ms] [ERROR] Access to fetch at 'http://localhost:8000/api/aoi/aizawl' from origin 'http://localhost:4173' has been blocked by CORS policy: Response to preflight request doesn't pass access control check: No 'Access-Control-Allow-Origin' header is present on the requested resource. @ http://localhost:4173/:0
[  353054ms] [ERROR] Failed to load resource: net::ERR_FAILED @ http://localhost:8000/api/aoi/aizawl:0
[  353086ms] [ERROR] WebSocket connection to 'ws://localhost:8000/ws/ticks' failed: Error in connection establishment: net::ERR_INTERNET_DISCONNECTED @ http://localhost:4173/assets/index-B6eKkZwq.js:8
[  353098ms] [INFO] Banner not shown: beforeinstallpromptevent.preventDefault() called. The page must call beforeinstallpromptevent.prompt() to show the banner. @ http://localhost:4173/:0
[  353602ms] [ERROR] WebSocket connection to 'ws://localhost:8000/ws/ticks' failed: Error in connection establishment: net::ERR_INTERNET_DISCONNECTED @ http://localhost:4173/assets/index-B6eKkZwq.js:8
[  354617ms] [ERROR] WebSocket connection to 'ws://localhost:8000/ws/ticks' failed: Error in connection establishment: net::ERR_INTERNET_DISCONNECTED @ http://localhost:4173/assets/index-B6eKkZwq.js:8
[ 1124327ms] [INFO] Banner not shown: beforeinstallpromptevent.preventDefault() called. The page must call beforeinstallpromptevent.prompt() to show the banner. @ http://localhost:4173/:0
[ 1124592ms] [ERROR] Access to fetch at 'http://localhost:8000/api/state' from origin 'http://localhost:4173' has been blocked by CORS policy: Response to preflight request doesn't pass access control check: No 'Access-Control-Allow-Origin' header is present on the requested resource. @ http://localhost:4173/:0
[ 1124592ms] [ERROR] Failed to load resource: net::ERR_FAILED @ http://localhost:8000/api/state:0
[ 1124595ms] [ERROR] Access to fetch at 'http://localhost:8000/api/scenarios' from origin 'http://localhost:4173' has been blocked by CORS policy: Response to preflight request doesn't pass access control check: No 'Access-Control-Allow-Origin' header is present on the requested resource. @ http://localhost:4173/:0
[ 1124595ms] [ERROR] Failed to load resource: net::ERR_FAILED @ http://localhost:8000/api/scenarios:0
[ 1124596ms] [ERROR] Access to fetch at 'http://localhost:8000/api/aoi/aizawl' from origin 'http://localhost:4173' has been blocked by CORS policy: Response to preflight request doesn't pass access control check: No 'Access-Control-Allow-Origin' header is present on the requested resource. @ http://localhost:4173/:0
[ 1124596ms] [ERROR] Failed to load resource: net::ERR_FAILED @ http://localhost:8000/api/aoi/aizawl:0
[ 1135882ms] [INFO] Banner not shown: beforeinstallpromptevent.preventDefault() called. The page must call beforeinstallpromptevent.prompt() to show the banner. @ http://localhost:4173/:0
